Delta,Time,CPU_FREQUENCY_0,CPU_FREQUENCY_1,CPU_FREQUENCY_2,CPU_FREQUENCY_3,CPU_FREQUENCY_4,CPU_FREQUENCY_5,CPU_FREQUENCY_6,CPU_FREQUENCY_7,CPU_USAGE_0,CPU_USAGE_1,CPU_USAGE_2,CPU_USAGE_3,CPU_USAGE_4,CPU_USAGE_5,CPU_USAGE_6,CPU_USAGE_7,DRAM_ENERGY (J),PACKAGE_ENERGY (J),PP0_ENERGY (J),PP1_ENERGY (J),TOTAL_MEMORY,TOTAL_SWAP,USED_MEMORY,USED_SWAP
0,1722809297863,899,900,899,899,899,900,899,900,12,8.333333969116211,8.333333969116211,12,11.538461685180664,8,8,4.1666669845581055,35139.469787597656,116677.88543701172,50506.01184082031,595.6988525390625,16532029440,4294963200,6341423104,0
200,1722809297863,899,900,899,899,899,900,899,900,12,8.333333969116211,8.333333969116211,12,11.538461685180664,8,8,4.1666669845581055,35139.47033691406,116677.88690185547,50506.012939453125,595.6988525390625,16532029440,4294963200,6341423104,0
200,1722809298063,899,900,899,899,899,900,899,900,0,100,0,0,0,0,0,0,35139.542724609375,116678.44519042969,50506.43078613281,595.6988525390625,16532029440,4294963200,6341427200,0
200,1722809298263,899,900,899,899,899,900,899,900,0,100,5,0,0,0,0,0,35139.61340332031,116679.46368408203,50507.310607910156,595.6988525390625,16532029440,4294963200,6341423104,0
200,1722809298463,899,900,899,899,899,900,899,900,0,100,0,0,0,0,0,0,35139.68243408203,116680.59289550781,50508.196533203125,595.6988525390625,16532029440,4294963200,6341423104,0
0,1722809298664,899,900,899,899,899,900,899,900,5,47.619049072265625,0,4.761904716491699,0,0,0,0,35139.75860595703,116681.18865966797,50508.65838623047,595.6988525390625,16532029440,4294963200,6334468096,0
